#-----------------------------------------------------------
# Vivado v2024.1 (64-bit)
# SW Build 5076996 on Wed May 22 18:37:14 MDT 2024
# IP Build 5075265 on Wed May 22 21:45:21 MDT 2024
# SharedData Build 5076995 on Wed May 22 18:29:18 MDT 2024
# Start of session at: Sun Oct 20 22:49:15 2024
# Process ID: 5708
# Current directory: C:/Users/Lenovo/Documents/Xilinx Vivado/Labs/ProgSqrWavGen/ProgSqrWav_VIO_ILA/ProgSqrWav_VIO_ILA.runs/design_1_vio_0_0_synth_1
# Command line: vivado.exe -log design_1_vio_0_0.vds -product Vivado -mode batch -messageDb vivado.pb -notrace -source design_1_vio_0_0.tcl
# Log file: C:/Users/Lenovo/Documents/Xilinx Vivado/Labs/ProgSqrWavGen/ProgSqrWav_VIO_ILA/ProgSqrWav_VIO_ILA.runs/design_1_vio_0_0_synth_1/design_1_vio_0_0.vds
# Journal file: C:/Users/Lenovo/Documents/Xilinx Vivado/Labs/ProgSqrWavGen/ProgSqrWav_VIO_ILA/ProgSqrWav_VIO_ILA.runs/design_1_vio_0_0_synth_1\vivado.jou
# Running On        :Thunderbird
# Platform          :Windows Server 2016 or Windows 10
# Operating System  :19045
# Processor Detail  :Intel(R) Core(TM) i5-8250U CPU @ 1.60GHz
# CPU Frequency     :1800 MHz
# CPU Physical cores:4
# CPU Logical cores :8
# Host memory       :8458 MB
# Swap memory       :1342 MB
# Total Virtual     :9800 MB
# Available Virtual :3999 MB
#-----------------------------------------------------------
source design_1_vio_0_0.tcl -notrace
